
=== 2026-10-03 06:33:13 [sglang] เปิดตัวเสิร์ฟ
1 MiB
ตัวเสิร์ฟตาย:
In file included from /workspace/venv_sglang/lib/python3.12/site-packages/flashinfer/data/cccl/libcudacxx/include/cuda/std/__cccl/extended_data_types.h:26,
                 from /workspace/venv_sglang/lib/python3.12/site-packages/flashinfer/data/cccl/libcudacxx/include/cuda/std/__cccl/builtin.h:26,
                 from /workspace/venv_sglang/lib/python3.12/site-packages/flashinfer/data/cccl/libcudacxx/include/cuda/std/__cccl/dialect.h:25,
                 from /workspace/venv_sglang/lib/python3.12/site-packages/flashinfer/data/cccl/libcudacxx/include/cuda/std/__cccl/attributes.h:26,
                 from /workspace/venv_sglang/lib/python3.12/site-packages/flashinfer/data/cccl/libcudacxx/include/cuda/std/__cccl/assert.h:25,
                 from /workspace/venv_sglang/lib/python3.12/site-packages/flashinfer/data/cccl/libcudacxx/include/cuda/__cccl_config:15,
                 from /workspace/venv_sglang/lib/python3.12/site-packages/flashinfer/data/cccl/libcudacxx/include/cuda/std/__internal/atomic.h:13,
                 from /workspace/venv_sglang/lib/python3.12/site-packages/flashinfer/data/cccl/libcudacxx/include/cuda/std/detail/__config:14,
                 from /workspace/venv_sglang/lib/python3.12/site-packages/flashinfer/data/cccl/libcudacxx/include/cuda/std/type_traits:14,
                 from /workspace/venv_sglang/lib/python3.12/site-packages/nvidia/cu13/include/cooperative_groups/details/info.h:167,
                 from /workspace/venv_sglang/lib/python3.12/site-packages/nvidia/cu13/include/cooperative_groups.h:55,
                 from /workspace/venv_sglang/lib/python3.12/site-packages/flashinfer/data/include/flashinfer/attention/prefill.cuh:19,
                 from /root/.cache/sglang/.cache/flashinfer/0.6.18/120f/generated/batch_prefill_with_kv_cache_dtype_q_bf16_dtype_kv_bf16_dtype_o_bf16_dtype_idx_i32_head_dim_qk_256_head_dim_vo_256_posenc_0_use_swa_False_use_logits_cap_False_f16qk_False/batch_prefill_paged_kernel_mask_2.cu:1:
/workspace/venv_sglang/lib/python3.12/site-packages/flashinfer/data/cccl/libcudacxx/include/cuda/std/__cccl/cuda_toolkit.h:41:8: error: #error "CUDA compiler and CUDA toolkit headers are incompatible, please check your include paths"
   41 | #      error "CUDA compiler and CUDA toolkit headers are incompatible, please check your include paths"
      |        ^~~~~
[10/11]  /workspace/venv_sglang/lib/python3.12/site-packages/nvidia/cu13/bin/nvcc --generate-dependencies-with-compile -MF /root/.cache/sglang/.cache/flashinfer/0.6.18/120f/cached_ops/batch_prefill_with_kv_cache_dtype_q_bf16_dtype_kv_bf16_dtype_o_bf16_dtype_idx_i32_head_dim_qk_256_head_dim_vo_256_posenc_0_use_swa_False_use_logits_cap_False_f16qk_False/batch_prefill_with_kv_cache_dtype_q_bf16_dtype_kv_bf16_dtype_o_bf16_dtype_idx_i32_head_dim_qk_256_head_dim_vo_256_posenc_0_use_swa_False_use_logits_cap_False_f16qk_False_batch_prefill_paged_kernel_mask_0.cuda.o.d -DPy_LIMITED_API=0x03090000 -D_GLIBCXX_USE_CXX11_ABI=1 -I/workspace/venv_sglang/lib/python3.12/site-packages/flashinfer/data/cccl/cub -I/workspace/venv_sglang/lib/python3.12/site-packages/flashinfer/data/cccl/libcudacxx/include -I/workspace/venv_sglang/lib/python3.12/site-packages/flashinfer/data/cccl/thrust -isystem /usr/include/python3.12 -isystem /workspace/venv_sglang/lib/python3.12/site-packages/nvidia/cu13/include -isystem /workspace/venv_sglang/lib/python3.12/site-packages/tvm_ffi/include -isystem /workspace/venv_sglang/lib/python3.12/site-packages/tvm_ffi/include -isystem /workspace/venv_sglang/lib/python3.12/site-packages/flashinfer/data/include -isystem /workspace/venv_sglang/lib/python3.12/site-packages/flashinfer/data/csrc -isystem /workspace/venv_sglang/lib/python3.12/site-packages/flashinfer/data/cutlass/include -isystem /workspace/venv_sglang/lib/python3.12/site-packages/flashinfer/data/cutlass/tools/util/include -isystem /workspace/venv_sglang/lib/python3.12/site-packages/flashinfer/data/spdlog/include --compiler-options=-fPIC --expt-relaxed-constexpr -static-global-template-stub=false -gencode=arch=compute_120a,code=sm_120a -DFLASHINFER_ENABLE_FP8_E8M0 -DFLASHINFER_ENABLE_FP4_E2M1 -std=c++17 --threads=1 -use_fast_math -Xfatbin=-compress-all --compress-mode=size -DFLASHINFER_ENABLE_F16 -DFLASHINFER_ENABLE_BF16 -DFLASHINFER_ENABLE_FP8_E4M3 -DFLASHINFER_ENABLE_FP8_E5M2 -DNDEBUG -O3 -c /root/.cache/sglang/.cache/flashinfer/0.6.18/120f/generated/batch_prefill_with_kv_cache_dtype_q_bf16_dtype_kv_bf16_dtype_o_bf16_dtype_idx_i32_head_dim_qk_256_head_dim_vo_256_posenc_0_use_swa_False_use_logits_cap_False_f16qk_False/batch_prefill_paged_kernel_mask_0.cu -o /root/.cache/sglang/.cache/flashinfer/0.6.18/120f/cached_ops/batch_prefill_with_kv_cache_dtype_q_bf16_dtype_kv_bf16_dtype_o_bf16_dtype_idx_i32_head_dim_qk_256_head_dim_vo_256_posenc_0_use_swa_False_use_logits_cap_False_f16qk_False/batch_prefill_with_kv_cache_dtype_q_bf16_dtype_kv_bf16_dtype_o_bf16_dtype_idx_i32_head_dim_qk_256_head_dim_vo_256_posenc_0_use_swa_False_use_logits_cap_False_f16qk_False_batch_prefill_paged_kernel_mask_0.cuda.o 
FAILED: /root/.cache/sglang/.cache/flashinfer/0.6.18/120f/cached_ops/batch_prefill_with_kv_cache_dtype_q_bf16_dtype_kv_bf16_dtype_o_bf16_dtype_idx_i32_head_dim_qk_256_head_dim_vo_256_posenc_0_use_swa_False_use_logits_cap_False_f16qk_False/batch_prefill_with_kv_cache_dtype_q_bf16_dtype_kv_bf16_dtype_o_bf16_dtype_idx_i32_head_dim_qk_256_head_dim_vo_256_posenc_0_use_swa_False_use_logits_cap_False_f16qk_False_batch_prefill_paged_kernel_mask_0.cuda.o 
 /workspace/venv_sglang/lib/python3.12/site-packages/nvidia/cu13/bin/nvcc --generate-dependencies-with-compile -MF /root/.cache/sglang/.cache/flashinfer/0.6.18/120f/cached_ops/batch_prefill_with_kv_cache_dtype_q_bf16_dtype_kv_bf16_dtype_o_bf16_dtype_idx_i32_head_dim_qk_256_head_dim_vo_256_posenc_0_use_swa_False_use_logits_cap_False_f16qk_False/batch_prefill_with_kv_cache_dtype_q_bf16_dtype_kv_bf16_dtype_o_bf16_dtype_idx_i32_head_dim_qk_256_head_dim_vo_256_posenc_0_use_swa_False_use_logits_cap_False_f16qk_False_batch_prefill_paged_kernel_mask_0.cuda.o.d -DPy_LIMITED_API=0x03090000 -D_GLIBCXX_USE_CXX11_ABI=1 -I/workspace/venv_sglang/lib/python3.12/site-packages/flashinfer/data/cccl/cub -I/workspace/venv_sglang/lib/python3.12/site-packages/flashinfer/data/cccl/libcudacxx/include -I/workspace/venv_sglang/lib/python3.12/site-packages/flashinfer/data/cccl/thrust -isystem /usr/include/python3.12 -isystem /workspace/venv_sglang/lib/python3.12/site-packages/nvidia/cu13/include -isystem /workspace/venv_sglang/lib/python3.12/site-packages/tvm_ffi/include -isystem /workspace/venv_sglang/lib/python3.12/site-packages/tvm_ffi/include -isystem /workspace/venv_sglang/lib/python3.12/site-packages/flashinfer/data/include -isystem /workspace/venv_sglang/lib/python3.12/site-packages/flashinfer/data/csrc -isystem /workspace/venv_sglang/lib/python3.12/site-packages/flashinfer/data/cutlass/include -isystem /workspace/venv_sglang/lib/python3.12/site-packages/flashinfer/data/cutlass/tools/util/include -isystem /workspace/venv_sglang/lib/python3.12/site-packages/flashinfer/data/spdlog/include --compiler-options=-fPIC --expt-relaxed-constexpr -static-global-template-stub=false -gencode=arch=compute_120a,code=sm_120a -DFLASHINFER_ENABLE_FP8_E8M0 -DFLASHINFER_ENABLE_FP4_E2M1 -std=c++17 --threads=1 -use_fast_math -Xfatbin=-compress-all --compress-mode=size -DFLASHINFER_ENABLE_F16 -DFLASHINFER_ENABLE_BF16 -DFLASHINFER_ENABLE_FP8_E4M3 -DFLASHINFER_ENABLE_FP8_E5M2 -DNDEBUG -O3 -c /root/.cache/sglang/.cache/flashinfer/0.6.18/120f/generated/batch_prefill_with_kv_cache_dtype_q_bf16_dtype_kv_bf16_dtype_o_bf16_dtype_idx_i32_head_dim_qk_256_head_dim_vo_256_posenc_0_use_swa_False_use_logits_cap_False_f16qk_False/batch_prefill_paged_kernel_mask_0.cu -o /root/.cache/sglang/.cache/flashinfer/0.6.18/120f/cached_ops/batch_prefill_with_kv_cache_dtype_q_bf16_dtype_kv_bf16_dtype_o_bf16_dtype_idx_i32_head_dim_qk_256_head_dim_vo_256_posenc_0_use_swa_False_use_logits_cap_False_f16qk_False/batch_prefill_with_kv_cache_dtype_q_bf16_dtype_kv_bf16_dtype_o_bf16_dtype_idx_i32_head_dim_qk_256_head_dim_vo_256_posenc_0_use_swa_False_use_logits_cap_False_f16qk_False_batch_prefill_paged_kernel_mask_0.cuda.o 
In file included from /workspace/venv_sglang/lib/python3.12/site-packages/flashinfer/data/cccl/libcudacxx/include/cuda/std/__cccl/extended_data_types.h:26,
                 from /workspace/venv_sglang/lib/python3.12/site-packages/flashinfer/data/cccl/libcudacxx/include/cuda/std/__cccl/builtin.h:26,
                 from /workspace/venv_sglang/lib/python3.12/site-packages/flashinfer/data/cccl/libcudacxx/include/cuda/std/__cccl/dialect.h:25,
                 from /workspace/venv_sglang/lib/python3.12/site-packages/flashinfer/data/cccl/libcudacxx/include/cuda/std/__cccl/attributes.h:26,
                 from /workspace/venv_sglang/lib/python3.12/site-packages/flashinfer/data/cccl/libcudacxx/include/cuda/std/__cccl/assert.h:25,
                 from /workspace/venv_sglang/lib/python3.12/site-packages/flashinfer/data/cccl/libcudacxx/include/cuda/__cccl_config:15,
                 from /workspace/venv_sglang/lib/python3.12/site-packages/flashinfer/data/cccl/libcudacxx/include/cuda/std/__internal/atomic.h:13,
                 from /workspace/venv_sglang/lib/python3.12/site-packages/flashinfer/data/cccl/libcudacxx/include/cuda/std/detail/__config:14,
                 from /workspace/venv_sglang/lib/python3.12/site-packages/flashinfer/data/cccl/libcudacxx/include/cuda/std/type_traits:14,
                 from /workspace/venv_sglang/lib/python3.12/site-packages/nvidia/cu13/include/cooperative_groups/details/info.h:167,
                 from /workspace/venv_sglang/lib/python3.12/site-packages/nvidia/cu13/include/cooperative_groups.h:55,
                 from /workspace/venv_sglang/lib/python3.12/site-packages/flashinfer/data/include/flashinfer/attention/prefill.cuh:19,
                 from /root/.cache/sglang/.cache/flashinfer/0.6.18/120f/generated/batch_prefill_with_kv_cache_dtype_q_bf16_dtype_kv_bf16_dtype_o_bf16_dtype_idx_i32_head_dim_qk_256_head_dim_vo_256_posenc_0_use_swa_False_use_logits_cap_False_f16qk_False/batch_prefill_paged_kernel_mask_0.cu:1:
/workspace/venv_sglang/lib/python3.12/site-packages/flashinfer/data/cccl/libcudacxx/include/cuda/std/__cccl/cuda_toolkit.h:41:8: error: #error "CUDA compiler and CUDA toolkit headers are incompatible, please check your include paths"
   41 | #      error "CUDA compiler and CUDA toolkit headers are incompatible, please check your include paths"
      |        ^~~~~
ninja: build stopped: subcommand failed.


[2026-10-03 06:33:47] Received sigquit from a child process. It usually means the child failed.
[2026-10-03 06:33:47] kill_process_tree called: parent_pid=5726, include_parent=True, pid=5726
!!! FAIL sglang_serve
