Collecting requests
  Using cached requests-2.34.2-py3-none-any.whl.metadata (4.8 kB)
Collecting opencv-python-headless
  Downloading opencv_python_headless-5.0.0.93-cp37-abi3-manylinux_2_28_x86_64.whl.metadata (19 kB)
Collecting pymupdf
  Downloading pymupdf-1.28.2-cp310-abi3-manylinux_2_28_x86_64.whl.metadata (26 kB)
Collecting charset_normalizer<4,>=2 (from requests)
  Using cached charset_normalizer-3.5.2-cp312-cp312-manylinux2014_x86_64.manylinux_2_17_x86_64.manylinux_2_28_x86_64.whl.metadata (46 kB)
Collecting idna<4,>=2.5 (from requests)
  Downloading idna-3.20-py3-none-any.whl.metadata (7.2 kB)
Collecting urllib3<3,>=1.26 (from requests)
  Using cached urllib3-2.8.0-py3-none-any.whl.metadata (7.4 kB)
Collecting certifi>=2023.5.7 (from requests)
  Downloading certifi-2026.7.22-py3-none-any.whl.metadata (2.5 kB)
Collecting numpy>=2 (from opencv-python-headless)
  Downloading numpy-2.5.3-cp312-cp312-manylinux_2_27_x86_64.manylinux_2_28_x86_64.whl.metadata (6.6 kB)
Using cached requests-2.34.2-py3-none-any.whl (73 kB)
Using cached charset_normalizer-3.5.2-cp312-cp312-manylinux2014_x86_64.manylinux_2_17_x86_64.manylinux_2_28_x86_64.whl (257 kB)
Downloading idna-3.20-py3-none-any.whl (69 kB)
Using cached urllib3-2.8.0-py3-none-any.whl (135 kB)
Downloading opencv_python_headless-5.0.0.93-cp37-abi3-manylinux_2_28_x86_64.whl (61.2 MB)
   ━━━━━━━━━━━━━━━━━━━━━━━━━━━━━━━━━━━━━━━━ 61.2/61.2 MB 85.2 MB/s  0:00:00
Downloading pymupdf-1.28.2-cp310-abi3-manylinux_2_28_x86_64.whl (25.8 MB)
   ━━━━━━━━━━━━━━━━━━━━━━━━━━━━━━━━━━━━━━━━ 25.8/25.8 MB 88.0 MB/s  0:00:00
Downloading certifi-2026.7.22-py3-none-any.whl (136 kB)
Downloading numpy-2.5.3-cp312-cp312-manylinux_2_27_x86_64.manylinux_2_28_x86_64.whl (16.7 MB)
   ━━━━━━━━━━━━━━━━━━━━━━━━━━━━━━━━━━━━━━━━ 16.7/16.7 MB 84.8 MB/s  0:00:00
Installing collected packages: urllib3, pymupdf, numpy, idna, charset_normalizer, certifi, requests, opencv-python-headless

Successfully installed certifi-2026.7.22 charset_normalizer-3.5.2 idna-3.20 numpy-2.5.3 opencv-python-headless-5.0.0.93 pymupdf-1.28.2 requests-2.34.2 urllib3-2.8.0
WARNING: Running pip as the 'root' user can result in broken permissions and conflicting behaviour with the system package manager, possibly rendering your system unusable. It is recommended to use a virtual environment instead: https://pip.pypa.io/warnings/venv. Use the --root-user-action option if you know what you are doing and want to suppress this warning.
